[]

[32 32 90 79 79]
00000000  20 20 5a 4f 4f                                    |  ZOO|

[32 32 122 111 111]
00000000  20 20 7a 6f 6f                                    |  zoo|

[32 65 97 114 111 110]
00000000  20 41 61 72 6f 6e                                 | Aaron|

[33 65 97 114 111 110]
00000000  21 41 61 72 6f 6e                                 |!Aaron|

[65 97 114 111 110]
00000000  41 61 72 6f 6e                                    |Aaron|

[65 98 101]
00000000  41 62 65                                          |Abe|

[66 101 114 116]
00000000  42 65 72 74                                       |Bert|

[97 97 114 111 110]
00000000  61 61 72 6f 6e                                    |aaron|

[98 101 114 116]
00000000  62 65 72 74                                       |bert|

[98 195 164]
00000000  62 c3 a4                                          |b..|

[98 195 182]
00000000  62 c3 b6                                          |b..|

