false
00000000  00                                                |.|

true
00000000  01                                                |.|

