-9223372036854775808
00000000  00 00 00 00 00 00 00 00                           |........|

-9223372036854775807
00000000  00 00 00 00 00 00 00 01                           |........|

-1
00000000  7f ff ff ff ff ff ff ff                           |........|

0
00000000  80 00 00 00 00 00 00 00                           |........|

1
00000000  80 00 00 00 00 00 00 01                           |........|

9223372036854775806
00000000  ff ff ff ff ff ff ff fe                           |........|

9223372036854775807
00000000  ff ff ff ff ff ff ff ff                           |........|

