0
00000000  00 00 00 00                                       |....|

1
00000000  00 00 00 01                                       |....|

4294967294
00000000  ff ff ff fe                                       |....|

4294967295
00000000  ff ff ff ff                                       |....|

