0
00000000  00 00                                             |..|

1
00000000  00 01                                             |..|

65534
00000000  ff fe                                             |..|

65535
00000000  ff ff                                             |..|

